I'm sorry, but errors were detected in your script. Please correct the
errors listed below, and try again.


File "game/effects.rpy", line 141: expected statement.
    subpixel True
                 ^

File "game/effects.rpy", line 142: expected statement.
    start
         ^

File "game/effects.rpy", line 143: expected statement.
    easein time end
                   ^

Ren'Py Version: Ren'Py 7.3.5.606
Sun Mar 07 12:01:32 2021
